[booktemplate.webflow.io/home.html]
[backblue.gif]
[fade.gif]
[index.html]
[booktemplate.webflow.io/about.html]
[booktemplate.webflow.io/store.html]
[booktemplate.webflow.io/blog.html]
[booktemplate.webflow.io/product/hack-productivity-book-normal-cover-print.html]
[booktemplate.webflow.io/blog/4-great-productivity-and-time-management-tools-for-2021.html]
[booktemplate.webflow.io/contact.html]
[booktemplate.webflow.io/utility-pages/start-here.html]
[booktemplate.webflow.io/utility-pages/style-guide.html]
[booktemplate.webflow.io/404.html]
[booktemplate.webflow.io/401.html]
[booktemplate.webflow.io/utility-pages/licenses.html]
[booktemplate.webflow.io/utility-pages/changelog.html]
[booktemplate.webflow.io/checkout.html]
[booktemplate.webflow.io/blog-category/resources.html]
[booktemplate.webflow.io/blog/10-must-read-articles-for-personal-productivity.html]
[booktemplate.webflow.io/blog/best-desk-setup-for-productivity-while-working-from-home.html]
[booktemplate.webflow.io/blog-category/articles.html]
[booktemplate.webflow.io/home.html]
[booktemplate.webflow.io/product/hack-productivity-book-hard-cover-print.html]
[booktemplate.webflow.io/product/hack-productivity-book-ebook-version.html]
[booktemplate.webflow.io/about.html]
[booktemplate.webflow.io/store.html]
[booktemplate.webflow.io/blog-category/news.html]
[booktemplate.webflow.io/blog/6-macos-apps-to-improve-focus-and-productivity.html]
[booktemplate.webflow.io/blog/the-best-5-books-on-time-management-productivity.html]
[booktemplate.webflow.io/blog/getting-more-done-strategies-to-increase-productivity.html]
[booktemplate.webflow.io/blog.html]
[booktemplate.webflow.io/product/hack-productivity-book-normal-cover-print.html]
[booktemplate.webflow.io/blog/4-great-productivity-and-time-management-tools-for-2021.html]
[booktemplate.webflow.io/contact.html]
[booktemplate.webflow.io/utility-pages/start-here.html]
[booktemplate.webflow.io/utility-pages/style-guide.html]
[booktemplate.webflow.io/404.html]
[booktemplate.webflow.io/401.html]
[booktemplate.webflow.io/utility-pages/licenses.html]
[booktemplate.webflow.io/utility-pages/changelog.html]
[booktemplate.webflow.io/checkout.html]
[booktemplate.webflow.io/blog-category/resources.html]
[booktemplate.webflow.io/blog/10-must-read-articles-for-personal-productivity.html]
[booktemplate.webflow.io/blog/best-desk-setup-for-productivity-while-working-from-home.html]
[booktemplate.webflow.io/blog-category/articles.html]
[booktemplate.webflow.io/product/hack-productivity-book-hard-cover-print.html]
[booktemplate.webflow.io/product/hack-productivity-book-ebook-version.html]
[booktemplate.webflow.io/blog-category/news.html]
[booktemplate.webflow.io/blog/6-macos-apps-to-improve-focus-and-productivity.html]
[booktemplate.webflow.io/blog/the-best-5-books-on-time-management-productivity.html]
[booktemplate.webflow.io/blog/getting-more-done-strategies-to-increase-productivity.html]
[booktemplate.webflow.io/blog/why-remote-work-can-actually-improve-your-productivity.html]
